// Jest Snapshot v1, https://goo.gl/fbAQLP

exports[`<Search /> Snapshot renders correctly 1`] = `
<div
  className="search-page container"
>
  <div
    className="container"
  >
    <h1>
      search-header
    </h1>
    <div
      className="row"
    >
      <div
        className="selection-wrapper"
      >
        <div
          className="selection-header"
        >
          <h1>
            select-archive-search
          </h1>
        </div>
        <div
          className="selection-radios"
        >
          <div>
            <div
              className="form-check"
            >
              <label
                className="form-check-label"
                htmlFor="application-0"
              >
                radios.application
              </label>
              <input
                aria-disabled={false}
                checked={true}
                className="form-check-input"
                disabled={false}
                id="application-0"
                name="application"
                onChange={[Function]}
                type="radio"
              />
            </div>
          </div>
          <div>
            <div
              className="form-check"
            >
              <label
                className="form-check-label"
                htmlFor="directory-1"
              >
                radios.directory
              </label>
              <input
                aria-disabled={false}
                checked={false}
                className="form-check-input"
                disabled={false}
                id="directory-1"
                name="directory"
                onChange={[Function]}
                type="radio"
              />
            </div>
          </div>
          <div>
            <div
              className="form-check"
            >
              <label
                className="form-check-label"
                htmlFor="license-2"
              >
                radios.license
              </label>
              <input
                aria-disabled={false}
                checked={false}
                className="form-check-input"
                disabled={false}
                id="license-2"
                name="license"
                onChange={[Function]}
                type="radio"
              />
            </div>
          </div>
          <div>
            <div
              className="form-check"
            >
              <label
                className="form-check-label"
                htmlFor="server-3"
              >
                radios.server
              </label>
              <input
                aria-disabled={false}
                checked={false}
                className="form-check-input"
                disabled={false}
                id="server-3"
                name="server"
                onChange={[Function]}
                type="radio"
              />
            </div>
          </div>
          <div>
            <div
              className="form-check"
            >
              <label
                className="form-check-label"
                htmlFor="service-4"
              >
                radios.service
              </label>
              <input
                aria-disabled={false}
                checked={false}
                className="form-check-input"
                disabled={false}
                id="service-4"
                name="service"
                onChange={[Function]}
                type="radio"
              />
            </div>
          </div>
          <div>
            <div
              className="form-check"
            >
              <label
                className="form-check-label"
                htmlFor="provider-5"
              >
                radios.provider
              </label>
              <input
                aria-disabled={false}
                checked={false}
                className="form-check-input"
                disabled={false}
                id="provider-5"
                name="provider"
                onChange={[Function]}
                type="radio"
              />
            </div>
          </div>
          <div>
            <div
              className="form-check"
            >
              <label
                className="form-check-label"
                htmlFor="contract-6"
              >
                radios.contract
              </label>
              <input
                aria-disabled={false}
                checked={false}
                className="form-check-input"
                disabled={false}
                id="contract-6"
                name="contract"
                onChange={[Function]}
                type="radio"
              />
            </div>
          </div>
          <div>
            <div
              className="form-check"
            >
              <label
                className="form-check-label"
                htmlFor="integration-7"
              >
                radios.integration
              </label>
              <input
                aria-disabled={false}
                checked={false}
                className="form-check-input"
                disabled={false}
                id="integration-7"
                name="integration"
                onChange={[Function]}
                type="radio"
              />
            </div>
          </div>
        </div>
      </div>
    </div>
    <div
      className="row"
    >
      <div
        className="search-bar"
      >
        <form
          className=""
          onSubmit={[Function]}
        >
          <div
            className="textfield col"
          >
            <div
              className="mb-3"
            >
              <label
                className="form-label"
                htmlFor="search"
              >
                archive-contents
              </label>
              <input
                aria-invalid={false}
                className="form-control"
                disabled={false}
                id="search"
                name="search"
                onChange={[Function]}
                placeholder="archive-example"
                type="text"
                value=""
              />
            </div>
          </div>
        </form>
        <button
          className="btn btn-secondary disabled"
          disabled={true}
          onClick={[Function]}
          type="button"
        >
          <span>
            archive-fetch
          </span>
        </button>
      </div>
    </div>
  </div>
  <div>
    <div
      aria-atomic="true"
      aria-live="polite"
      className="results-count-status"
      role="status"
    />
    <section
      className="container-fluid"
    >
      <div
        className="row event-grid"
      />
    </section>
  </div>
</div>
`;
