// Jest Snapshot v1, https://goo.gl/fbAQLP

exports[`<Homepage /> Snapshot renders correctly 1`] = `
<div
  className="container home-container"
>
  <div
    className="container-md"
  >
    <h1>
      home.header
    </h1>
    <p>
      Mappi-järjestelmä auttaa hallinnoimaan sopimuksia, sovelluksia, palvelinasioita ja arkistoa.
    </p>
  </div>
  <div
    animation="border"
    className="spinner-border"
    role="status"
  >
    <span
      className="visually-hidden"
    >
      Ladataan...
    </span>
  </div>
</div>
`;
