// Jest Snapshot v1, https://goo.gl/fbAQLP

exports[`<ServerForm /> Snapshot renders correctly 1`] = `
[
  <div
    className="row"
  >
    <h1>
      server.create
    </h1>
  </div>,
  <div
    className="row"
  >
    <h2>
      server.visibility
    </h2>
  </div>,
  <div
    className="row"
  >
    <div
      className="textfield col"
    >
      <div
        className="mb-3"
      >
        <label
          className="form-label"
          htmlFor="visibility"
        >
          values.visibility
        </label>
        <select
          aria-invalid={false}
          className="form-select"
          disabled={false}
          id="visibility"
          name="visibility"
          onChange={[Function]}
          placeholder="placeholder.visibility"
          value="published"
        >
          <option
            value="draft"
          >
            visibility.draft
          </option>
          <option
            value="hidden"
          >
            visibility.hidden
          </option>
          <option
            value="published"
          >
            visibility.published
          </option>
        </select>
      </div>
    </div>
  </div>,
  <div
    className="row"
  >
    <h2>
      server.description
    </h2>
  </div>,
  <div
    className="row"
  >
    <div
      className="textfield col"
    >
      <div
        className="mb-3"
      >
        <label
          className="form-label"
          htmlFor="name"
        >
          server.values.name
        </label>
        <input
          aria-invalid={false}
          className="form-control"
          disabled={false}
          id="name"
          name="name"
          onChange={[Function]}
          placeholder="placeholder.name"
          type="text"
          value=""
        />
      </div>
    </div>
  </div>,
  <div
    className="row"
  >
    <div
      className="textfield col"
    >
      <div
        className="mb-3"
      >
        <label
          className="form-label"
          htmlFor="description"
        >
          server.values.description
        </label>
        <textarea
          aria-invalid={false}
          className="form-control"
          disabled={false}
          id="description"
          name="description"
          onChange={[Function]}
          placeholder="placeholder.description"
          value=""
        />
      </div>
    </div>
  </div>,
  <div
    className="row"
  >
    <div
      className="textfield col"
    >
      <div
        className="mb-3"
      >
        <label
          className="form-label"
          htmlFor="server_role"
        >
          server.values.server_role
        </label>
        <textarea
          aria-invalid={false}
          className="form-control"
          disabled={false}
          id="server_role"
          name="server_role"
          onChange={[Function]}
          placeholder="placeholder.server_role"
          value=""
        />
      </div>
    </div>
  </div>,
  <div
    className="row"
  >
    <div>
      <div
        className="mb-3"
      >
        <label
          className="form-label"
          htmlFor="customership"
        >
          server.values.customership
        </label>
        <div
          className=" css-b62m3t-container"
          onKeyDown={[Function]}
        >
          <span
            className="css-1f43avz-a11yText-A11yText"
            id="react-select-2-live-region"
          />
          <span
            aria-atomic="false"
            aria-live="polite"
            aria-relevant="additions text"
            className="css-1f43avz-a11yText-A11yText"
          />
          <div
            className="option-search__control css-13cymwt-control"
            onMouseDown={[Function]}
            onTouchEnd={[Function]}
          >
            <div
              className="option-search__value-container option-search__value-container--is-multi css-1fdsijx-ValueContainer"
            >
              <div
                className="option-search__placeholder css-1jqq78o-placeholder"
                id="react-select-2-placeholder"
              >
                placeholder.customership
              </div>
              <input
                aria-autocomplete="list"
                aria-describedby="react-select-2-placeholder"
                aria-expanded={false}
                aria-haspopup={true}
                aria-invalid={false}
                aria-label="placeholder.customership"
                aria-labelledby="customership"
                aria-readonly={true}
                className="css-mohuvp-dummyInput-DummyInput"
                disabled={false}
                id="customership"
                inputMode="none"
                onBlur={[Function]}
                onChange={[Function]}
                onFocus={[Function]}
                role="combobox"
                tabIndex={0}
                value=""
              />
            </div>
            <div
              className="option-search__indicators css-1hb7zxy-IndicatorsContainer"
            >
              <span
                className="option-search__indicator-separator css-1u9des2-indicatorSeparator"
              />
              <div
                aria-hidden="true"
                className="option-search__indicator option-search__dropdown-indicator css-1xc3v61-indicatorContainer"
                onMouseDown={[Function]}
                onTouchEnd={[Function]}
              >
                <svg
                  aria-hidden="true"
                  className="css-tj5bde-Svg"
                  focusable="false"
                  height={20}
                  viewBox="0 0 20 20"
                  width={20}
                >
                  <path
                    d="M4.516 7.548c0.436-0.446 1.043-0.481 1.576 0l3.908 3.747 3.908-3.747c0.533-0.481 1.141-0.446 1.574 0 0.436 0.445 0.408 1.197 0 1.615-0.406 0.418-4.695 4.502-4.695 4.502-0.217 0.223-0.502 0.335-0.787 0.335s-0.57-0.112-0.789-0.335c0 0-4.287-4.084-4.695-4.502s-0.436-1.17 0-1.615z"
                  />
                </svg>
              </div>
            </div>
          </div>
          <div>
            <input
              name="customership"
              type="hidden"
              value=""
            />
          </div>
        </div>
      </div>
    </div>
  </div>,
  <div
    className="row"
  >
    <div
      className="textfield col"
    >
      <div
        className="mb-3"
      >
        <label
          className="form-label"
          htmlFor="place_of_use"
        >
          server.values.place_of_use
        </label>
        <textarea
          aria-invalid={false}
          className="form-control"
          disabled={false}
          id="place_of_use"
          name="place_of_use"
          onChange={[Function]}
          placeholder="placeholder.place_of_use"
          value=""
        />
      </div>
    </div>
  </div>,
  <div
    className="row"
  >
    <h2>
      server.info
    </h2>
  </div>,
  <div
    className="row"
  >
    <div
      className="textfield col"
    >
      <div
        className="mb-3"
      >
        <label
          className="form-label"
          htmlFor="product_owner"
        >
          server.values.product_owner
        </label>
        <textarea
          aria-invalid={false}
          className="form-control"
          disabled={false}
          id="product_owner"
          name="product_owner"
          onChange={[Function]}
          placeholder="placeholder.product_owner"
          value=""
        />
      </div>
    </div>
  </div>,
  <div
    className="row"
  >
    <div
      className="textfield col"
    >
      <div
        className="mb-3"
      >
        <label
          className="form-label"
          htmlFor="server_model"
        >
          server.values.server_model
        </label>
        <textarea
          aria-invalid={false}
          className="form-control"
          disabled={false}
          id="server_model"
          name="server_model"
          onChange={[Function]}
          placeholder="placeholder.server_model"
          value=""
        />
      </div>
    </div>
  </div>,
  <div
    className="row"
  >
    <div
      className="textfield col"
    >
      <div
        className="mb-3"
      >
        <label
          className="form-label"
          htmlFor="backup_data"
        >
          server.values.backup_data
        </label>
        <textarea
          aria-invalid={false}
          className="form-control"
          disabled={false}
          id="backup_data"
          name="backup_data"
          onChange={[Function]}
          placeholder="placeholder.backup_data"
          value=""
        />
      </div>
    </div>
  </div>,
  <div
    className="row"
  >
    <div
      className="textfield col"
    >
      <div
        className="mb-3"
      >
        <label
          className="form-label"
          htmlFor="backup_device"
        >
          server.values.backup_device
        </label>
        <textarea
          aria-invalid={false}
          className="form-control"
          disabled={false}
          id="backup_device"
          name="backup_device"
          onChange={[Function]}
          placeholder="placeholder.backup_device"
          value=""
        />
      </div>
    </div>
  </div>,
  <div
    className="row"
  >
    <div
      className="textfield col"
    >
      <div
        className="mb-3"
      >
        <label
          className="form-label"
          htmlFor="public_ip_addresses"
        >
          server.values.public_ip_addresses
        </label>
        <textarea
          aria-invalid={false}
          className="form-control"
          disabled={false}
          id="public_ip_addresses"
          name="public_ip_addresses"
          onChange={[Function]}
          placeholder="placeholder.public_ip_addresses"
          value=""
        />
      </div>
    </div>
  </div>,
  <div
    className="row"
  >
    <div
      className="textfield col"
    >
      <div
        className="mb-3"
      >
        <label
          className="form-label"
          htmlFor="dns_names"
        >
          server.values.dns_names
        </label>
        <textarea
          aria-invalid={false}
          className="form-control"
          disabled={false}
          id="dns_names"
          name="dns_names"
          onChange={[Function]}
          placeholder="placeholder.dns_names"
          value=""
        />
      </div>
    </div>
  </div>,
  <div
    className="row"
  >
    <div
      className="textfield col"
    >
      <div
        className="mb-3"
      >
        <label
          className="form-label"
          htmlFor="server_type"
        >
          server.values.server_type
        </label>
        <textarea
          aria-invalid={false}
          className="form-control"
          disabled={false}
          id="server_type"
          name="server_type"
          onChange={[Function]}
          placeholder="placeholder.server_type"
          value=""
        />
      </div>
    </div>
  </div>,
  <div
    className="row"
  >
    <div
      className="textfield col"
    >
      <div
        className="mb-3"
      >
        <label
          className="form-label"
          htmlFor="environment_type"
        >
          server.values.environment_type
        </label>
        <textarea
          aria-invalid={false}
          className="form-control"
          disabled={false}
          id="environment_type"
          name="environment_type"
          onChange={[Function]}
          placeholder="placeholder.environment_type"
          value=""
        />
      </div>
    </div>
  </div>,
  <div
    className="row"
  >
    <div
      className="textfield col"
    >
      <div
        className="mb-3"
      >
        <label
          className="form-label"
          htmlFor="dedicated"
        >
          server.values.dedicated
        </label>
        <textarea
          aria-invalid={false}
          className="form-control"
          disabled={false}
          id="dedicated"
          name="dedicated"
          onChange={[Function]}
          placeholder="placeholder.dedicated"
          value=""
        />
      </div>
    </div>
  </div>,
  <div
    className="row"
  >
    <div
      className="textfield col"
    >
      <div
        className="mb-3"
      >
        <label
          className="form-label"
          htmlFor="maintenance_window"
        >
          server.values.maintenance_window
        </label>
        <textarea
          aria-invalid={false}
          className="form-control"
          disabled={false}
          id="maintenance_window"
          name="maintenance_window"
          onChange={[Function]}
          placeholder="placeholder.maintenance_window"
          value=""
        />
      </div>
    </div>
  </div>,
  <div
    className="row"
  >
    <div
      className="textfield col"
    >
      <div
        className="mb-3"
      >
        <label
          className="form-label"
          htmlFor="device_criticality"
        >
          server.values.device_criticality
        </label>
        <textarea
          aria-invalid={false}
          className="form-control"
          disabled={false}
          id="device_criticality"
          name="device_criticality"
          onChange={[Function]}
          placeholder="placeholder.device_criticality"
          value=""
        />
      </div>
    </div>
  </div>,
  <div
    className="row"
  >
    <div
      className="textfield col"
    >
      <div
        className="mb-3"
      >
        <label
          className="form-label"
          htmlFor="security_level"
        >
          server.values.security_level
        </label>
        <textarea
          aria-invalid={false}
          className="form-control"
          disabled={false}
          id="security_level"
          name="security_level"
          onChange={[Function]}
          placeholder="placeholder.security_level"
          value=""
        />
      </div>
    </div>
  </div>,
  <div
    className="row"
  >
    <div
      className="textfield col"
    >
      <div
        className="mb-3"
      >
        <label
          className="form-label"
          htmlFor="service_level"
        >
          server.values.service_level
        </label>
        <textarea
          aria-invalid={false}
          className="form-control"
          disabled={false}
          id="service_level"
          name="service_level"
          onChange={[Function]}
          placeholder="placeholder.service_level"
          value=""
        />
      </div>
    </div>
  </div>,
  <div
    className="row"
  >
    <h2>
      server.status
    </h2>
  </div>,
  <div
    className="row"
  >
    <div
      className="textfield col"
    >
      <div
        className="mb-3"
      >
        <label
          className="form-label"
          htmlFor="server_status"
        >
          server.values.server_status
        </label>
        <textarea
          aria-invalid={false}
          className="form-control"
          disabled={false}
          id="server_status"
          name="server_status"
          onChange={[Function]}
          placeholder="placeholder.server_status"
          value=""
        />
      </div>
    </div>
  </div>,
  <div
    className="row"
  >
    <h2>
      server.security
    </h2>
  </div>,
  <div
    className="row"
  >
    <div
      className="textfield col"
    >
      <div
        className="mb-3"
      >
        <label
          className="form-label"
          htmlFor="install_date"
        >
          server.values.install_date
        </label>
        <input
          aria-invalid={false}
          className="form-control"
          disabled={false}
          id="install_date"
          name="install_date"
          onChange={[Function]}
          placeholder="placeholder.install_date"
          type="date"
          value=""
        />
      </div>
    </div>
  </div>,
  <div
    className="row"
  >
    <div
      className="textfield col"
    >
      <div
        className="mb-3"
      >
        <label
          className="form-label"
          htmlFor="ip_address"
        >
          server.values.ip_address
        </label>
        <input
          aria-invalid={false}
          className="form-control"
          disabled={false}
          id="ip_address"
          name="ip_address"
          onChange={[Function]}
          placeholder="placeholder.ip_address"
          type="text"
          value=""
        />
      </div>
    </div>
  </div>,
  <div
    className="row"
  >
    <div
      className="textfield col"
    >
      <div
        className="mb-3"
      >
        <label
          className="form-label"
          htmlFor="updates"
        >
          server.values.updates
        </label>
        <textarea
          aria-invalid={false}
          className="form-control"
          disabled={false}
          id="updates"
          name="updates"
          onChange={[Function]}
          placeholder="placeholder.updates"
          value=""
        />
      </div>
    </div>
  </div>,
  <div
    className="row"
  >
    <div
      className="textfield col"
    >
      <div
        className="mb-3"
      >
        <label
          className="form-label"
          htmlFor="verification_practices"
        >
          server.values.verification_practices
        </label>
        <textarea
          aria-invalid={false}
          className="form-control"
          disabled={false}
          id="verification_practices"
          name="verification_practices"
          onChange={[Function]}
          placeholder="placeholder.verification_practices"
          value=""
        />
      </div>
    </div>
  </div>,
  <div
    className="row"
  >
    <div
      className="textfield col"
    >
      <div
        className="mb-3"
      >
        <label
          className="form-label"
          htmlFor="recovery_practices_convalescence"
        >
          server.values.recovery_practices_convalescence
        </label>
        <textarea
          aria-invalid={false}
          className="form-control"
          disabled={false}
          id="recovery_practices_convalescence"
          name="recovery_practices_convalescence"
          onChange={[Function]}
          placeholder="placeholder.recovery_practices_convalescence"
          value=""
        />
      </div>
    </div>
  </div>,
  <div
    className="row"
  >
    <div
      className="textfield col"
    >
      <div
        className="mb-3"
      >
        <label
          className="form-label"
          htmlFor="logging"
        >
          server.values.logging
        </label>
        <textarea
          aria-invalid={false}
          className="form-control"
          disabled={false}
          id="logging"
          name="logging"
          onChange={[Function]}
          placeholder="placeholder.logging"
          value=""
        />
      </div>
    </div>
  </div>,
  <div
    className="row"
  >
    <div
      className="textfield col"
    >
      <div
        className="mb-3"
      >
        <label
          className="form-label"
          htmlFor="access_rights_management"
        >
          server.values.access_rights_management
        </label>
        <textarea
          aria-invalid={false}
          className="form-control"
          disabled={false}
          id="access_rights_management"
          name="access_rights_management"
          onChange={[Function]}
          placeholder="placeholder.access_rights_management"
          value=""
        />
      </div>
    </div>
  </div>,
  <div
    className="row"
  >
    <div
      className="textfield col"
    >
      <div
        className="mb-3"
      >
        <label
          className="form-label"
          htmlFor="security_solutions"
        >
          server.values.security_solutions
        </label>
        <textarea
          aria-invalid={false}
          className="form-control"
          disabled={false}
          id="security_solutions"
          name="security_solutions"
          onChange={[Function]}
          placeholder="placeholder.security_solutions"
          value=""
        />
      </div>
    </div>
  </div>,
  <div
    className="row"
  >
    <div
      className="textfield col"
    >
      <div
        className="mb-3"
      >
        <label
          className="form-label"
          htmlFor="external_rights"
        >
          server.values.external_rights
        </label>
        <textarea
          aria-invalid={false}
          className="form-control"
          disabled={false}
          id="external_rights"
          name="external_rights"
          onChange={[Function]}
          placeholder="placeholder.external_rights"
          value=""
        />
      </div>
    </div>
  </div>,
  <div
    className="row"
  >
    <h2>
      server.network
    </h2>
  </div>,
  <div
    className="row"
  >
    <div
      className="textfield col"
    >
      <div
        className="mb-3"
      >
        <label
          className="form-label"
          htmlFor="domain_name"
        >
          server.values.domain_name
        </label>
        <input
          aria-invalid={false}
          className="form-control"
          disabled={false}
          id="domain_name"
          name="domain_name"
          onChange={[Function]}
          placeholder="placeholder.domain_name"
          type="text"
          value=""
        />
      </div>
    </div>
  </div>,
  <div
    className="row"
  >
    <div
      className="textfield col"
    >
      <div
        className="mb-3"
      >
        <label
          className="form-label"
          htmlFor="sub_domain"
        >
          server.values.sub_domain
        </label>
        <input
          aria-invalid={false}
          className="form-control"
          disabled={false}
          id="sub_domain"
          name="sub_domain"
          onChange={[Function]}
          placeholder="placeholder.sub_domain"
          type="text"
          value=""
        />
      </div>
    </div>
  </div>,
  <div
    className="row"
  >
    <div
      className="textfield col"
    >
      <div
        className="mb-3"
      >
        <label
          className="form-label"
          htmlFor="ip_address_type"
        >
          server.values.ip_address_type
        </label>
        <input
          aria-invalid={false}
          className="form-control"
          disabled={false}
          id="ip_address_type"
          name="ip_address_type"
          onChange={[Function]}
          placeholder="placeholder.ip_address_type"
          type="text"
          value=""
        />
      </div>
    </div>
  </div>,
  <div
    className="row"
  >
    <div
      className="textfield col"
    >
      <div
        className="mb-3"
      >
        <label
          className="form-label"
          htmlFor="subnet_mask"
        >
          server.values.subnet_mask
        </label>
        <input
          aria-invalid={false}
          className="form-control"
          disabled={false}
          id="subnet_mask"
          name="subnet_mask"
          onChange={[Function]}
          placeholder="placeholder.subnet_mask"
          type="text"
          value=""
        />
      </div>
    </div>
  </div>,
  <div
    className="row"
  >
    <div
      className="textfield col"
    >
      <div
        className="mb-3"
      >
        <label
          className="form-label"
          htmlFor="default_gateway"
        >
          server.values.default_gateway
        </label>
        <input
          aria-invalid={false}
          className="form-control"
          disabled={false}
          id="default_gateway"
          name="default_gateway"
          onChange={[Function]}
          placeholder="placeholder.default_gateway"
          type="text"
          value=""
        />
      </div>
    </div>
  </div>,
  <div
    className="row"
  >
    <div
      className="textfield col"
    >
      <div
        className="mb-3"
      >
        <label
          className="form-label"
          htmlFor="mac_address"
        >
          server.values.mac_address
        </label>
        <input
          aria-invalid={false}
          className="form-control"
          disabled={false}
          id="mac_address"
          name="mac_address"
          onChange={[Function]}
          placeholder="placeholder.mac_address"
          type="text"
          value=""
        />
      </div>
    </div>
  </div>,
  <div
    className="row"
  >
    <h2>
      server.apps
    </h2>
  </div>,
  <div
    className="row"
  >
    <div>
      <div
        className="mb-3"
      >
        <label
          className="form-label"
          htmlFor="applications"
        >
          server.values.applications
        </label>
        <div
          className=" css-b62m3t-container"
          onKeyDown={[Function]}
        >
          <span
            className="css-1f43avz-a11yText-A11yText"
            id="react-select-3-live-region"
          />
          <span
            aria-atomic="false"
            aria-live="polite"
            aria-relevant="additions text"
            className="css-1f43avz-a11yText-A11yText"
          />
          <div
            className="option-search__control css-13cymwt-control"
            onMouseDown={[Function]}
            onTouchEnd={[Function]}
          >
            <div
              className="option-search__value-container option-search__value-container--is-multi css-1fdsijx-ValueContainer"
            >
              <div
                className="option-search__placeholder css-1jqq78o-placeholder"
                id="react-select-3-placeholder"
              >
                placeholder.applications
              </div>
              <div
                className="option-search__input-container css-qbdosj-Input"
                data-value=""
              >
                <input
                  aria-autocomplete="list"
                  aria-describedby="react-select-3-placeholder"
                  aria-expanded={false}
                  aria-haspopup={true}
                  aria-invalid={false}
                  aria-label="placeholder.applications"
                  aria-labelledby="applications"
                  autoCapitalize="none"
                  autoComplete="off"
                  autoCorrect="off"
                  className="option-search__input"
                  disabled={false}
                  id="applications"
                  onBlur={[Function]}
                  onChange={[Function]}
                  onFocus={[Function]}
                  role="combobox"
                  spellCheck="false"
                  style={
                    {
                      "background": 0,
                      "border": 0,
                      "color": "inherit",
                      "font": "inherit",
                      "gridArea": "1 / 2",
                      "label": "input",
                      "margin": 0,
                      "minWidth": "2px",
                      "opacity": 1,
                      "outline": 0,
                      "padding": 0,
                      "width": "100%",
                    }
                  }
                  tabIndex={0}
                  type="text"
                  value=""
                />
              </div>
            </div>
            <div
              className="option-search__indicators css-1hb7zxy-IndicatorsContainer"
            >
              <span
                className="option-search__indicator-separator css-1u9des2-indicatorSeparator"
              />
              <div
                aria-hidden="true"
                className="option-search__indicator option-search__dropdown-indicator css-1xc3v61-indicatorContainer"
                onMouseDown={[Function]}
                onTouchEnd={[Function]}
              >
                <svg
                  aria-hidden="true"
                  className="css-tj5bde-Svg"
                  focusable="false"
                  height={20}
                  viewBox="0 0 20 20"
                  width={20}
                >
                  <path
                    d="M4.516 7.548c0.436-0.446 1.043-0.481 1.576 0l3.908 3.747 3.908-3.747c0.533-0.481 1.141-0.446 1.574 0 0.436 0.445 0.408 1.197 0 1.615-0.406 0.418-4.695 4.502-4.695 4.502-0.217 0.223-0.502 0.335-0.787 0.335s-0.57-0.112-0.789-0.335c0 0-4.287-4.084-4.695-4.502s-0.436-1.17 0-1.615z"
                  />
                </svg>
              </div>
            </div>
          </div>
          <div>
            <input
              name="applications"
              type="hidden"
              value=""
            />
          </div>
        </div>
      </div>
    </div>
  </div>,
  <div
    className="action-buttons"
  >
    <button
      className="action-button btn btn-secondary"
      disabled={false}
      onClick={[Function]}
      type="button"
    >
      button.cancel
    </button>
    <button
      className="action-button btn btn-secondary"
      disabled={false}
      onClick={[Function]}
      type="button"
    >
      button.create
    </button>
  </div>,
]
`;
