// Jest Snapshot v1, https://goo.gl/fbAQLP

exports[`<ActionButtons /> Snapshot renders correctly 1`] = `
[
  <div
    className="action-buttons"
  >
    <button
      className="action-button btn btn-secondary"
      disabled={false}
      onClick={[Function]}
      type="button"
    >
      button.cancel
    </button>
    <button
      className="action-button btn btn-secondary"
      disabled={false}
      onClick={[Function]}
      type="button"
    >
      button.create
    </button>
  </div>,
  ",",
]
`;
