// Jest Snapshot v1, https://goo.gl/fbAQLP

exports[`<Footer /> Snapshot renders correctly 1`] = `
<footer
  className="footer"
>
  <div
    className="-image"
  >
    <img
      alt="Varhan logo"
      height={80}
      src=""
    />
  </div>
  <div
    className="-info"
  >
    <p>
      © Varha 2023
    </p>
    <a
      href="/"
    >
      Saavutettavuusseloste
    </a>
    <a
      href="/"
    >
      Tietosuojaseloste
    </a>
    <a
      href="/"
    >
      Evästeasetukset
    </a>
  </div>
</footer>
`;
