// Jest Snapshot v1, https://goo.gl/fbAQLP

exports[`<Header /> Snapshot renders correctly 1`] = `
<header
  className="main-navbar"
>
  <div
    className="bar"
  >
    <a
      aria-label="Linkki etusivulle, Varhan logo"
      className="bar__logo"
      href="/"
      onClick={[Function]}
    />
    <div
      className="bar__login"
    >
      <button
        className="btn btn-secondary disabled"
        disabled={true}
        onClick={[Function]}
        role="link"
      >
        <i
          className="bi bi-person-fill-lock"
        />
        <span>
          user.login
        </span>
      </button>
    </div>
  </div>
  <nav
    className="mappi-bar navbar navbar-expand-xl"
    role="navigation"
  >
    <div
      className="container-fluid"
    >
      <button
        aria-label="Toggle navigation"
        className="navbar-toggler"
        onClick={[Function]}
        type="button"
      >
        <span
          className="navbar-toggler-icon"
        />
      </button>
      <div
        className="collapse navbar-collapse"
        style={{}}
      >
        <ul
          className="mappi-bar__links"
        >
          <li
            className="nav-item"
          >
            <button
              aria-label="create-new"
              className="navlink-button btn btn-secondary"
              onClick={[Function]}
              role="link"
              type="button"
            >
              <span>
                create-new
              </span>
              <i
                className="bi bi-plus"
              />
            </button>
          </li>
          <li
            className="nav-item"
          >
            <button
              aria-label="archive-fetch"
              className="navlink-button btn btn-secondary"
              onClick={[Function]}
              role="link"
              type="button"
            >
              <span>
                archive-fetch
              </span>
              <i
                className="bi bi-search"
              />
            </button>
          </li>
          <li
            className="nav-item"
          >
            <button
              aria-label="archive-fetch"
              className="navlink-button btn btn-secondary disabled"
              disabled={true}
              onClick={[Function]}
              role="link"
              type="button"
            >
              <span>
                Tilastot
              </span>
              <i
                className="bi bi-graph-up-arrow"
              />
            </button>
          </li>
          <li
            className="nav-item"
          >
            <button
              aria-label="archive-fetch"
              className="navlink-button btn btn-secondary disabled"
              disabled={true}
              onClick={[Function]}
              role="link"
              type="button"
            >
              <span>
                Hallintapaneeli
              </span>
              <i
                className="bi bi-wrench"
              />
            </button>
          </li>
        </ul>
      </div>
    </div>
  </nav>
</header>
`;
